pintos@os-dev:~$ sudo apt-get remove virtualbox-guest-additions
[sudo] password for pintos: 
Reading package lists... Done
Building dependency tree       
Reading state information... Done
Package 'virtualbox-guest-additions' is not installed, so not removed
The following packages were automatically installed and are no longer required:
  libllvm4.0 linux-headers-4.10.0-28 linux-headers-4.10.0-28-generic
  linux-headers-4.13.0-26 linux-headers-4.13.0-26-generic
  linux-headers-4.4.0-112 linux-headers-4.4.0-112-generic
  linux-image-4.10.0-28-generic linux-image-4.13.0-26-generic
  linux-image-extra-4.10.0-28-generic linux-image-extra-4.13.0-26-generic
Use 'sudo apt autoremove' to remove them.
0 upgraded, 0 newly installed, 0 to remove and 86 not upgraded.




pintos@os-dev:~$ sudo apt-get remove virtualbox-guest-addons
Reading package lists... Done
Building dependency tree       
Reading state information... Done
E: Unable to locate package virtualbox-guest-addons




pintos@os-dev:~$ sudo apt-get remove virtualbox-guest-additions
Reading package lists... Done
Building dependency tree       
Reading state information... Done
Package 'virtualbox-guest-additions' is not installed, so not removed
The following packages were automatically installed and are no longer required:
  libllvm4.0 linux-headers-4.10.0-28 linux-headers-4.10.0-28-generic
  linux-headers-4.13.0-26 linux-headers-4.13.0-26-generic
  linux-headers-4.4.0-112 linux-headers-4.4.0-112-generic
  linux-image-4.10.0-28-generic linux-image-4.13.0-26-generic
  linux-image-extra-4.10.0-28-generic linux-image-extra-4.13.0-26-generic
Use 'sudo apt autoremove' to remove them.
0 upgraded, 0 newly installed, 0 to remove and 86 not upgraded.




pintos@os-dev:~$ sudo apt-get remove virtualbox-guest-additions
Reading package lists... Done
Building dependency tree       
Reading state information... Done
Package 'virtualbox-guest-additions' is not installed, so not removed
The following packages were automatically installed and are no longer required:
  libllvm4.0 linux-headers-4.10.0-28 linux-headers-4.10.0-28-generic
  linux-headers-4.13.0-26 linux-headers-4.13.0-26-generic
  linux-headers-4.4.0-112 linux-headers-4.4.0-112-generic
  linux-image-4.10.0-28-generic linux-image-4.13.0-26-generic
  linux-image-extra-4.10.0-28-generic linux-image-extra-4.13.0-26-generic
Use 'sudo apt autoremove' to remove them.
0 upgraded, 0 newly installed, 0 to remove and 86 not upgraded.




pintos@os-dev:~$ sudo apt-get remove virtualbox-guest-utils
Reading package lists... Done
Building dependency tree       
Reading state information... Done
The following packages were automatically installed and are no longer required:
  libllvm4.0 linux-headers-4.10.0-28 linux-headers-4.10.0-28-generic
  linux-headers-4.13.0-26 linux-headers-4.13.0-26-generic
  linux-headers-4.4.0-112 linux-headers-4.4.0-112-generic
  linux-image-4.10.0-28-generic linux-image-4.13.0-26-generic
  linux-image-extra-4.10.0-28-generic linux-image-extra-4.13.0-26-generic
Use 'sudo apt autoremove' to remove them.
The following packages will be REMOVED:
  virtualbox-guest-dkms virtualbox-guest-utils
0 upgraded, 0 newly installed, 2 to remove and 86 not upgraded.
After this operation, 6,729 kB disk space will be freed.
Do you want to continue? [Y/n] y
(Reading database ... 341300 files and directories currently installed.)
Removing virtualbox-guest-dkms (5.0.40-dfsg-0ubuntu1.16.04.2) ...

-------- Uninstall Beginning --------
Module:  virtualbox-guest
Version: 5.0.40
Kernel:  4.10.0-28-generic (x86_64)
-------------------------------------

Status: Before uninstall, this module version was ACTIVE on this kernel.

vboxguest.ko:
 - Uninstallation
   - Deleting from: /lib/modules/4.10.0-28-generic/
rmdir: failed to remove '': No such file or directory
 - Original module
   - No original module was found for this module on this kernel.
   - Use the dkms install command to reinstall any previous module version.


vboxsf.ko:
 - Uninstallation
   - Deleting from: /lib/modules/4.10.0-28-generic/
rmdir: failed to remove '': No such file or directory
 - Original module
   - No original module was found for this module on this kernel.
   - Use the dkms install command to reinstall any previous module version.


vboxvideo.ko:
 - Uninstallation
   - Deleting from: /lib/modules/4.10.0-28-generic/
rmdir: failed to remove '': No such file or directory
 - Original module
   - No original module was found for this module on this kernel.
   - Use the dkms install command to reinstall any previous module version.

depmod..................

DKMS: uninstall completed.

-------- Uninstall Beginning --------
Module:  virtualbox-guest
Version: 5.0.40
Kernel:  4.13.0-26-generic (x86_64)
-------------------------------------

Status: Before uninstall, this module version was ACTIVE on this kernel.

vboxguest.ko:
 - Uninstallation
   - Deleting from: /lib/modules/4.13.0-26-generic/
rmdir: failed to remove '': No such file or directory
 - Original module
   - No original module was found for this module on this kernel.
   - Use the dkms install command to reinstall any previous module version.


vboxsf.ko:
 - Uninstallation
   - Deleting from: /lib/modules/4.13.0-26-generic/
rmdir: failed to remove '': No such file or directory
 - Original module
   - No original module was found for this module on this kernel.
   - Use the dkms install command to reinstall any previous module version.


vboxvideo.ko:
 - Uninstallation
   - Deleting from: /lib/modules/4.13.0-26-generic/
rmdir: failed to remove '': No such file or directory
 - Original module
   - No original module was found for this module on this kernel.
   - Use the dkms install command to reinstall any previous module version.

depmod......................

DKMS: uninstall completed.

-------- Uninstall Beginning --------
Module:  virtualbox-guest
Version: 5.0.40
Kernel:  4.13.0-32-generic (x86_64)
-------------------------------------

Status: Before uninstall, this module version was ACTIVE on this kernel.

vboxguest.ko:
 - Uninstallation
   - Deleting from: /lib/modules/4.13.0-32-generic/
rmdir: failed to remove '': No such file or directory
 - Original module
   - No original module was found for this module on this kernel.
   - Use the dkms install command to reinstall any previous module version.


vboxsf.ko:
 - Uninstallation
   - Deleting from: /lib/modules/4.13.0-32-generic/
rmdir: failed to remove '': No such file or directory
 - Original module
   - No original module was found for this module on this kernel.
   - Use the dkms install command to reinstall any previous module version.


vboxvideo.ko:
 - Uninstallation
   - Deleting from: /lib/modules/4.13.0-32-generic/
rmdir: failed to remove '': No such file or directory
 - Original module
   - No original module was found for this module on this kernel.
   - Use the dkms install command to reinstall any previous module version.

depmod............

DKMS: uninstall completed.

-------- Uninstall Beginning --------
Module:  virtualbox-guest
Version: 5.0.40
Kernel:  4.13.0-36-generic (x86_64)
-------------------------------------

Status: Before uninstall, this module version was ACTIVE on this kernel.

vboxguest.ko:
 - Uninstallation
   - Deleting from: /lib/modules/4.13.0-36-generic/
rmdir: failed to remove '': No such file or directory
 - Original module
   - No original module was found for this module on this kernel.
   - Use the dkms install command to reinstall any previous module version.


vboxsf.ko:
 - Uninstallation
   - Deleting from: /lib/modules/4.13.0-36-generic/
rmdir: failed to remove '': No such file or directory
 - Original module
   - No original module was found for this module on this kernel.
   - Use the dkms install command to reinstall any previous module version.


vboxvideo.ko:
 - Uninstallation
   - Deleting from: /lib/modules/4.13.0-36-generic/
rmdir: failed to remove '': No such file or directory
 - Original module
   - No original module was found for this module on this kernel.
   - Use the dkms install command to reinstall any previous module version.

depmod..........

DKMS: uninstall completed.

-------- Uninstall Beginning --------
Module:  virtualbox-guest
Version: 5.0.40
Kernel:  4.4.0-112-generic (x86_64)
-------------------------------------

Status: Before uninstall, this module version was ACTIVE on this kernel.

vboxguest.ko:
 - Uninstallation
   - Deleting from: /lib/modules/4.4.0-112-generic/updates/dkms/
 - Original module
   - No original module was found for this module on this kernel.
   - Use the dkms install command to reinstall any previous module version.


vboxsf.ko:
 - Uninstallation
   - Deleting from: /lib/modules/4.4.0-112-generic/updates/dkms/
 - Original module
   - No original module was found for this module on this kernel.
   - Use the dkms install command to reinstall any previous module version.


vboxvideo.ko:
 - Uninstallation
   - Deleting from: /lib/modules/4.4.0-112-generic/updates/dkms/
 - Original module
   - No original module was found for this module on this kernel.
   - Use the dkms install command to reinstall any previous module version.

depmod....

DKMS: uninstall completed.

-------- Uninstall Beginning --------
Module:  virtualbox-guest
Version: 5.0.40
Kernel:  4.4.0-116-generic (x86_64)
-------------------------------------

Status: Before uninstall, this module version was ACTIVE on this kernel.

vboxguest.ko:
 - Uninstallation
   - Deleting from: /lib/modules/4.4.0-116-generic/updates/dkms/
 - Original module
   - No original module was found for this module on this kernel.
   - Use the dkms install command to reinstall any previous module version.


vboxsf.ko:
 - Uninstallation
   - Deleting from: /lib/modules/4.4.0-116-generic/updates/dkms/
 - Original module
   - No original module was found for this module on this kernel.
   - Use the dkms install command to reinstall any previous module version.


vboxvideo.ko:
 - Uninstallation
   - Deleting from: /lib/modules/4.4.0-116-generic/updates/dkms/
 - Original module
   - No original module was found for this module on this kernel.
   - Use the dkms install command to reinstall any previous module version.

depmod....

DKMS: uninstall completed.

------------------------------
Deleting module version: 5.0.40
completely from the DKMS tree.
------------------------------
Done.
Removing virtualbox-guest-utils (5.0.40-dfsg-0ubuntu1.16.04.2) ...
Processing triggers for man-db (2.7.5-1) ...
pintos@os-dev:~$ 

